// Jest Snapshot v1, https://goo.gl/fbAQLP

exports[`Grid Test Grid Call Correctly 1`] = `
<section
  className="grid"
/>
`;
